rows 2719 (dropped 0 rows from 0 traces whose span count did not re-derive); positives 257; norm share pos 0.14 neg 0.21; test share pos 0.75 neg 0.05; negatives: norm 508 / non-norm 1954; proc spans in negatives 183
hs  0: cos(aw_w1, norm) +0.065  cos(aw_md, norm) +0.221  shuffled -0.022±0.130  cos(aw, test) +0.965  cos(norm, test) +0.284  | z-space md +0.206 (null +0.010±0.089, aw·test +0.963) | proc: aw·proc raw +0.034 z +0.036, norm·proc z -0.143  LR raw +0.216; z LR·LR aw·norm +0.031 aw·test +0.228 norm·test +0.000
hs  1: cos(aw_w1, norm) +0.212  cos(aw_md, norm) +0.219  shuffled -0.009±0.127  cos(aw, test) +0.970  cos(norm, test) +0.257  | z-space md +0.204 (null -0.040±0.131, aw·test +0.963) | proc: aw·proc raw -0.088 z -0.047, norm·proc z -0.255
hs  2: cos(aw_w1, norm) +0.300  cos(aw_md, norm) +0.383  shuffled -0.000±0.250  cos(aw, test) +0.974  cos(norm, test) +0.411  | z-space md +0.307 (null -0.010±0.175, aw·test +0.966) | proc: aw·proc raw -0.104 z -0.053, norm·proc z -0.222
hs  3: cos(aw_w1, norm) +0.293  cos(aw_md, norm) +0.392  shuffled +0.140±0.254  cos(aw, test) +0.977  cos(norm, test) +0.420  | z-space md +0.319 (null +0.070±0.181, aw·test +0.971) | proc: aw·proc raw -0.168 z -0.119, norm·proc z -0.269
hs  4: cos(aw_w1, norm) +0.300  cos(aw_md, norm) +0.416  shuffled -0.005±0.216  cos(aw, test) +0.977  cos(norm, test) +0.440  | z-space md +0.347 (null -0.020±0.168, aw·test +0.971) | proc: aw·proc raw -0.176 z -0.116, norm·proc z -0.277
hs  5: cos(aw_w1, norm) +0.288  cos(aw_md, norm) +0.436  shuffled +0.089±0.260  cos(aw, test) +0.975  cos(norm, test) +0.459  | z-space md +0.374 (null +0.001±0.188, aw·test +0.969) | proc: aw·proc raw -0.206 z -0.130, norm·proc z -0.296
hs  6: cos(aw_w1, norm) +0.249  cos(aw_md, norm) +0.452  shuffled -0.027±0.207  cos(aw, test) +0.978  cos(norm, test) +0.476  | z-space md +0.366 (null -0.029±0.145, aw·test +0.972) | proc: aw·proc raw -0.232 z -0.102, norm·proc z -0.265
hs  7: cos(aw_w1, norm) +0.190  cos(aw_md, norm) +0.412  shuffled +0.031±0.212  cos(aw, test) +0.978  cos(norm, test) +0.440  | z-space md +0.360 (null +0.036±0.158, aw·test +0.974) | proc: aw·proc raw -0.162 z -0.083, norm·proc z -0.264
hs  8: cos(aw_w1, norm) +0.155  cos(aw_md, norm) +0.420  shuffled +0.007±0.200  cos(aw, test) +0.979  cos(norm, test) +0.447  | z-space md +0.338 (null -0.107±0.134, aw·test +0.975) | proc: aw·proc raw -0.204 z -0.106, norm·proc z -0.304
hs  9: cos(aw_w1, norm) +0.144  cos(aw_md, norm) +0.415  shuffled +0.026±0.180  cos(aw, test) +0.978  cos(norm, test) +0.440  | z-space md +0.332 (null +0.003±0.113, aw·test +0.974) | proc: aw·proc raw -0.153 z -0.065, norm·proc z -0.315
hs 10: cos(aw_w1, norm) +0.138  cos(aw_md, norm) +0.423  shuffled +0.026±0.239  cos(aw, test) +0.979  cos(norm, test) +0.451  | z-space md +0.335 (null +0.084±0.162, aw·test +0.976) | proc: aw·proc raw -0.186 z -0.093, norm·proc z -0.358  LR raw +0.007; z LR·LR aw·norm +0.038 aw·test +0.064 norm·test +0.033
hs 11: cos(aw_w1, norm) +0.134  cos(aw_md, norm) +0.454  shuffled +0.070±0.200  cos(aw, test) +0.978  cos(norm, test) +0.479  | z-space md +0.379 (null -0.002±0.157, aw·test +0.974) | proc: aw·proc raw -0.210 z -0.133, norm·proc z -0.362
hs 12: cos(aw_w1, norm) +0.128  cos(aw_md, norm) +0.471  shuffled -0.021±0.177  cos(aw, test) +0.978  cos(norm, test) +0.495  | z-space md +0.385 (null +0.010±0.145, aw·test +0.974) | proc: aw·proc raw -0.229 z -0.137, norm·proc z -0.391
hs 13: cos(aw_w1, norm) +0.126  cos(aw_md, norm) +0.484  shuffled -0.002±0.219  cos(aw, test) +0.977  cos(norm, test) +0.509  | z-space md +0.412 (null +0.023±0.195, aw·test +0.975) | proc: aw·proc raw -0.246 z -0.170, norm·proc z -0.428
hs 14: cos(aw_w1, norm) +0.131  cos(aw_md, norm) +0.487  shuffled -0.004±0.228  cos(aw, test) +0.977  cos(norm, test) +0.508  | z-space md +0.397 (null +0.011±0.139, aw·test +0.974) | proc: aw·proc raw -0.257 z -0.163, norm·proc z -0.424
hs 15: cos(aw_w1, norm) +0.128  cos(aw_md, norm) +0.513  shuffled +0.030±0.220  cos(aw, test) +0.978  cos(norm, test) +0.541  | z-space md +0.422 (null -0.039±0.153, aw·test +0.975) | proc: aw·proc raw -0.275 z -0.201, norm·proc z -0.480
hs 16: cos(aw_w1, norm) +0.131  cos(aw_md, norm) +0.517  shuffled -0.035±0.249  cos(aw, test) +0.978  cos(norm, test) +0.545  | z-space md +0.427 (null -0.005±0.220, aw·test +0.975) | proc: aw·proc raw -0.280 z -0.208, norm·proc z -0.490
hs 17: cos(aw_w1, norm) +0.145  cos(aw_md, norm) +0.548  shuffled -0.059±0.241  cos(aw, test) +0.980  cos(norm, test) +0.574  | z-space md +0.479 (null -0.021±0.131, aw·test +0.977) | proc: aw·proc raw -0.244 z -0.245, norm·proc z -0.528
hs 18: cos(aw_w1, norm) +0.145  cos(aw_md, norm) +0.573  shuffled -0.028±0.202  cos(aw, test) +0.981  cos(norm, test) +0.596  | z-space md +0.488 (null -0.023±0.253, aw·test +0.978) | proc: aw·proc raw -0.229 z -0.187, norm·proc z -0.492
hs 19: cos(aw_w1, norm) +0.135  cos(aw_md, norm) +0.591  shuffled +0.020±0.237  cos(aw, test) +0.982  cos(norm, test) +0.615  | z-space md +0.505 (null -0.012±0.216, aw·test +0.978) | proc: aw·proc raw -0.262 z -0.200, norm·proc z -0.516
hs 20: cos(aw_w1, norm) +0.129  cos(aw_md, norm) +0.583  shuffled +0.014±0.220  cos(aw, test) +0.982  cos(norm, test) +0.607  | z-space md +0.461 (null +0.037±0.221, aw·test +0.979) | proc: aw·proc raw -0.261 z -0.192, norm·proc z -0.513  LR raw -0.004; z LR·LR aw·norm -0.006 aw·test +0.112 norm·test +0.021
hs 21: cos(aw_w1, norm) +0.141  cos(aw_md, norm) +0.581  shuffled +0.060±0.211  cos(aw, test) +0.982  cos(norm, test) +0.603  | z-space md +0.457 (null -0.063±0.247, aw·test +0.979) | proc: aw·proc raw -0.275 z -0.193, norm·proc z -0.502
hs 22: cos(aw_w1, norm) +0.156  cos(aw_md, norm) +0.572  shuffled -0.013±0.338  cos(aw, test) +0.982  cos(norm, test) +0.596  | z-space md +0.447 (null +0.021±0.206, aw·test +0.978) | proc: aw·proc raw -0.243 z -0.176, norm·proc z -0.478
hs 23: cos(aw_w1, norm) +0.150  cos(aw_md, norm) +0.557  shuffled +0.063±0.255  cos(aw, test) +0.981  cos(norm, test) +0.583  | z-space md +0.438 (null +0.023±0.233, aw·test +0.977) | proc: aw·proc raw -0.291 z -0.193, norm·proc z -0.481
hs 24: cos(aw_w1, norm) +0.159  cos(aw_md, norm) +0.533  shuffled -0.033±0.198  cos(aw, test) +0.980  cos(norm, test) +0.558  | z-space md +0.415 (null -0.044±0.191, aw·test +0.976) | proc: aw·proc raw -0.262 z -0.161, norm·proc z -0.474
hs 25: cos(aw_w1, norm) +0.214  cos(aw_md, norm) +0.516  shuffled +0.039±0.268  cos(aw, test) +0.978  cos(norm, test) +0.542  | z-space md +0.413 (null +0.040±0.153, aw·test +0.973) | proc: aw·proc raw -0.273 z -0.156, norm·proc z -0.472
hs 26: cos(aw_w1, norm) +0.237  cos(aw_md, norm) +0.515  shuffled -0.032±0.244  cos(aw, test) +0.977  cos(norm, test) +0.547  | z-space md +0.428 (null -0.038±0.196, aw·test +0.972) | proc: aw·proc raw -0.284 z -0.165, norm·proc z -0.445
hs 27: cos(aw_w1, norm) +0.272  cos(aw_md, norm) +0.520  shuffled +0.097±0.249  cos(aw, test) +0.977  cos(norm, test) +0.549  | z-space md +0.438 (null -0.015±0.169, aw·test +0.973) | proc: aw·proc raw -0.273 z -0.161, norm·proc z -0.452
hs 28: cos(aw_w1, norm) +0.242  cos(aw_md, norm) +0.520  shuffled +0.056±0.233  cos(aw, test) +0.979  cos(norm, test) +0.551  | z-space md +0.445 (null -0.031±0.147, aw·test +0.974) | proc: aw·proc raw -0.272 z -0.161, norm·proc z -0.443
hs 29: cos(aw_w1, norm) +0.233  cos(aw_md, norm) +0.510  shuffled -0.014±0.207  cos(aw, test) +0.978  cos(norm, test) +0.542  | z-space md +0.447 (null -0.029±0.151, aw·test +0.974) | proc: aw·proc raw -0.275 z -0.175, norm·proc z -0.450
hs 30: cos(aw_w1, norm) +0.258  cos(aw_md, norm) +0.512  shuffled -0.071±0.220  cos(aw, test) +0.978  cos(norm, test) +0.545  | z-space md +0.459 (null -0.001±0.130, aw·test +0.973) | proc: aw·proc raw -0.263 z -0.181, norm·proc z -0.451  LR raw -0.006; z LR·LR aw·norm -0.014 aw·test +0.145 norm·test +0.036
hs 31: cos(aw_w1, norm) +0.265  cos(aw_md, norm) +0.537  shuffled -0.050±0.239  cos(aw, test) +0.978  cos(norm, test) +0.569  | z-space md +0.489 (null -0.064±0.183, aw·test +0.973) | proc: aw·proc raw -0.291 z -0.194, norm·proc z -0.453
hs 32: cos(aw_w1, norm) +0.271  cos(aw_md, norm) +0.545  shuffled +0.018±0.191  cos(aw, test) +0.978  cos(norm, test) +0.574  | z-space md +0.499 (null -0.044±0.178, aw·test +0.974) | proc: aw·proc raw -0.275 z -0.190, norm·proc z -0.452
hs 33: cos(aw_w1, norm) +0.298  cos(aw_md, norm) +0.553  shuffled -0.111±0.176  cos(aw, test) +0.978  cos(norm, test) +0.583  | z-space md +0.504 (null -0.034±0.161, aw·test +0.974) | proc: aw·proc raw -0.281 z -0.195, norm·proc z -0.457
hs 34: cos(aw_w1, norm) +0.311  cos(aw_md, norm) +0.553  shuffled +0.047±0.170  cos(aw, test) +0.977  cos(norm, test) +0.582  | z-space md +0.512 (null +0.003±0.148, aw·test +0.974) | proc: aw·proc raw -0.274 z -0.201, norm·proc z -0.456
hs 35: cos(aw_w1, norm) +0.327  cos(aw_md, norm) +0.538  shuffled -0.012±0.205  cos(aw, test) +0.977  cos(norm, test) +0.567  | z-space md +0.514 (null +0.054±0.175, aw·test +0.974) | proc: aw·proc raw -0.248 z -0.200, norm·proc z -0.463
hs 36: cos(aw_w1, norm) +0.185  cos(aw_md, norm) +0.545  shuffled +0.057±0.237  cos(aw, test) +0.979  cos(norm, test) +0.564  | z-space md +0.510 (null +0.032±0.227, aw·test +0.975) | proc: aw·proc raw -0.259 z -0.206, norm·proc z -0.466  LR raw +0.005; z LR·LR aw·norm +0.009 aw·test +0.150 norm·test +0.013
wrote /home/cutter/d10_copy/results/norm_direction
