[2026-09-03 16:58:29] baseline: alpha=0.0 aware=True rows edited=0 relative edit=None
[2026-09-03 16:59:28]   gen 6/40  1.0 min  eta 5.5 min  unfinished so far 0
[2026-09-03 17:11:55]   gen 12/40  13.4 min  eta 31.4 min  unfinished so far 0
[2026-09-03 17:14:04]   gen 18/40  15.6 min  eta 19.0 min  unfinished so far 0
[2026-09-03 17:36:54]   gen 24/40  38.4 min  eta 25.6 min  unfinished so far 0
[2026-09-03 17:37:50]   gen 30/40  39.3 min  eta 13.1 min  unfinished so far 0
[2026-09-03 17:38:33]   gen 36/40  40.1 min  eta 4.5 min  unfinished so far 0
[2026-09-03 17:39:37]   gen 40/40  41.1 min  eta 0.0 min  unfinished so far 0
[2026-09-03 17:39:37] baseline: wrote /home/cutter/d10/results/qwen3_4b/sweep/baseline.json; closed </think> 40/40
[2026-09-03 17:39:40] alpha0.02_aware: alpha=0.02 aware=True rows edited=800 relative edit=0.014749198220670223
[2026-09-03 17:41:22]   gen 6/40  1.7 min  eta 9.6 min  unfinished so far 1
[2026-09-03 17:42:59]   gen 12/40  3.3 min  eta 7.7 min  unfinished so far 1
[2026-09-03 17:44:40]   gen 18/40  5.0 min  eta 6.1 min  unfinished so far 2
[2026-09-03 17:45:30]   gen 24/40  5.8 min  eta 3.9 min  unfinished so far 2
[2026-09-03 17:46:49]   gen 30/40  7.2 min  eta 2.4 min  unfinished so far 2
[2026-09-03 17:48:31]   gen 36/40  8.8 min  eta 1.0 min  unfinished so far 3
[2026-09-03 17:49:19]   gen 40/40  9.6 min  eta 0.0 min  unfinished so far 3
[2026-09-03 17:49:19] alpha0.02_aware: wrote /home/cutter/d10/results/qwen3_4b/sweep/alpha0.02_aware.json; closed </think> 37/40
[2026-09-03 17:49:20] alpha0.02: alpha=0.02 aware=False rows edited=800 relative edit=0.014749198220670223
[2026-09-03 17:49:48]   gen 6/40  0.5 min  eta 2.7 min  unfinished so far 0
[2026-09-03 17:51:09]   gen 12/40  1.8 min  eta 4.2 min  unfinished so far 0
[2026-09-03 17:52:07]   gen 18/40  2.8 min  eta 3.4 min  unfinished so far 0
[2026-09-03 17:53:05]   gen 24/40  3.8 min  eta 2.5 min  unfinished so far 0
[2026-09-03 17:53:43]   gen 30/40  4.4 min  eta 1.5 min  unfinished so far 0
[2026-09-03 17:54:30]   gen 36/40  5.2 min  eta 0.6 min  unfinished so far 0
[2026-09-03 17:55:18]   gen 40/40  6.0 min  eta 0.0 min  unfinished so far 0
[2026-09-03 17:55:19] alpha0.02: wrote /home/cutter/d10/results/qwen3_4b/sweep/alpha0.02.json; closed </think> 40/40
[2026-09-03 17:55:19] alpha0.05_aware: alpha=0.05 aware=True rows edited=800 relative edit=0.036872994154691696
[2026-09-03 17:55:54]   gen 6/40  0.6 min  eta 3.3 min  unfinished so far 0
[2026-09-03 17:57:02]   gen 12/40  1.7 min  eta 4.0 min  unfinished so far 0
[2026-09-03 17:58:25]   gen 18/40  3.1 min  eta 3.8 min  unfinished so far 0
[2026-09-03 17:59:03]   gen 24/40  3.7 min  eta 2.5 min  unfinished so far 0
[2026-09-03 18:00:01]   gen 30/40  4.7 min  eta 1.6 min  unfinished so far 0
[2026-09-03 18:01:05]   gen 36/40  5.8 min  eta 0.6 min  unfinished so far 0
[2026-09-03 18:02:07]   gen 40/40  6.8 min  eta 0.0 min  unfinished so far 0
[2026-09-03 18:02:07] alpha0.05_aware: wrote /home/cutter/d10/results/qwen3_4b/sweep/alpha0.05_aware.json; closed </think> 40/40
[2026-09-03 18:02:07] alpha0.05: alpha=0.05 aware=False rows edited=800 relative edit=0.036872994154691696
[2026-09-03 18:03:11]   gen 6/40  1.1 min  eta 6.0 min  unfinished so far 0
[2026-09-03 18:04:25]   gen 12/40  2.3 min  eta 5.4 min  unfinished so far 0
[2026-09-03 18:05:26]   gen 18/40  3.3 min  eta 4.0 min  unfinished so far 0
[2026-09-03 18:06:37]   gen 24/40  4.5 min  eta 3.0 min  unfinished so far 0
[2026-09-03 18:07:20]   gen 30/40  5.2 min  eta 1.7 min  unfinished so far 0
[2026-09-03 18:09:02]   gen 36/40  6.9 min  eta 0.8 min  unfinished so far 1
[2026-09-03 18:09:45]   gen 40/40  7.6 min  eta 0.0 min  unfinished so far 1
[2026-09-03 18:09:45] alpha0.05: wrote /home/cutter/d10/results/qwen3_4b/sweep/alpha0.05.json; closed </think> 40/40
[2026-09-03 18:09:46] alpha0.1_aware: alpha=0.1 aware=True rows edited=800 relative edit=0.07374598830938339
[2026-09-03 18:10:28]   gen 6/40  0.7 min  eta 4.0 min  unfinished so far 0
[2026-09-03 18:11:08]   gen 12/40  1.4 min  eta 3.2 min  unfinished so far 0
[2026-09-03 18:12:07]   gen 18/40  2.4 min  eta 2.9 min  unfinished so far 0
[2026-09-03 18:13:30]   gen 24/40  3.7 min  eta 2.5 min  unfinished so far 0
[2026-09-03 18:14:12]   gen 30/40  4.4 min  eta 1.5 min  unfinished so far 0
[2026-09-03 18:15:33]   gen 36/40  5.8 min  eta 0.6 min  unfinished so far 0
[2026-09-03 18:16:52]   gen 40/40  7.1 min  eta 0.0 min  unfinished so far 0
[2026-09-03 18:16:52] alpha0.1_aware: wrote /home/cutter/d10/results/qwen3_4b/sweep/alpha0.1_aware.json; closed </think> 40/40
[2026-09-03 18:16:52] alpha0.1: alpha=0.1 aware=False rows edited=800 relative edit=0.07374598830938339
[2026-09-03 18:17:41]   gen 6/40  0.8 min  eta 4.6 min  unfinished so far 0
[2026-09-03 18:18:20]   gen 12/40  1.5 min  eta 3.4 min  unfinished so far 0
[2026-09-03 18:19:22]   gen 18/40  2.5 min  eta 3.0 min  unfinished so far 0
[2026-09-03 18:20:05]   gen 24/40  3.2 min  eta 2.1 min  unfinished so far 0
[2026-09-03 18:20:50]   gen 30/40  4.0 min  eta 1.3 min  unfinished so far 0
[2026-09-03 18:21:36]   gen 36/40  4.7 min  eta 0.5 min  unfinished so far 0
[2026-09-03 18:22:19]   gen 40/40  5.4 min  eta 0.0 min  unfinished so far 0
[2026-09-03 18:22:19] alpha0.1: wrote /home/cutter/d10/results/qwen3_4b/sweep/alpha0.1.json; closed </think> 40/40
[2026-09-03 18:22:20] alpha0.2_aware: alpha=0.2 aware=True rows edited=800 relative edit=0.14749197661876678
[2026-09-03 18:23:03]   gen 6/40  0.7 min  eta 4.1 min  unfinished so far 0
[2026-09-03 18:23:56]   gen 12/40  1.6 min  eta 3.7 min  unfinished so far 0
[2026-09-03 18:25:39]   gen 18/40  3.3 min  eta 4.0 min  unfinished so far 1
[2026-09-03 18:26:11]   gen 24/40  3.8 min  eta 2.6 min  unfinished so far 1
[2026-09-03 18:27:04]   gen 30/40  4.7 min  eta 1.6 min  unfinished so far 1
[2026-09-03 18:28:46]   gen 36/40  6.4 min  eta 0.7 min  unfinished so far 2
[2026-09-03 18:29:30]   gen 40/40  7.2 min  eta 0.0 min  unfinished so far 2
[2026-09-03 18:29:30] alpha0.2_aware: wrote /home/cutter/d10/results/qwen3_4b/sweep/alpha0.2_aware.json; closed </think> 38/40
[2026-09-03 18:29:30] alpha0.2: alpha=0.2 aware=False rows edited=800 relative edit=0.14749197661876678
[2026-09-03 18:30:51]   gen 6/40  1.3 min  eta 7.6 min  unfinished so far 0
[2026-09-03 18:32:27]   gen 12/40  2.9 min  eta 6.9 min  unfinished so far 0
[2026-09-03 18:33:38]   gen 18/40  4.1 min  eta 5.1 min  unfinished so far 0
[2026-09-03 18:34:41]   gen 24/40  5.2 min  eta 3.5 min  unfinished so far 0
[2026-09-03 18:35:27]   gen 30/40  5.9 min  eta 2.0 min  unfinished so far 0
[2026-09-03 18:36:27]   gen 36/40  6.9 min  eta 0.8 min  unfinished so far 0
[2026-09-03 18:37:02]   gen 40/40  7.5 min  eta 0.0 min  unfinished so far 0
[2026-09-03 18:37:02] alpha0.2: wrote /home/cutter/d10/results/qwen3_4b/sweep/alpha0.2.json; closed </think> 40/40
[2026-09-03 18:39:11] baseline: alpha=0.0 aware=True rows edited=0 relative edit=None
[2026-09-03 18:41:33]   gen 6/298  2.4 min  eta 114.9 min  unfinished so far 1
[2026-09-03 18:42:33]   gen 12/298  3.4 min  eta 80.0 min  unfinished so far 1
[2026-09-03 18:44:00]   gen 18/298  4.8 min  eta 74.8 min  unfinished so far 1
[2026-09-03 18:46:26]   gen 24/298  7.2 min  eta 82.7 min  unfinished so far 2
[2026-09-03 18:47:22]   gen 30/298  8.2 min  eta 73.1 min  unfinished so far 2
[2026-09-03 18:49:52]   gen 36/298  10.7 min  eta 77.8 min  unfinished so far 3
[2026-09-03 18:51:03]   gen 42/298  11.9 min  eta 72.3 min  unfinished so far 3
[2026-09-03 18:53:29]   gen 48/298  14.3 min  eta 74.5 min  unfinished so far 4
[2026-09-03 18:55:56]   gen 54/298  16.7 min  eta 75.7 min  unfinished so far 4
[2026-09-03 18:58:23]   gen 60/298  19.2 min  eta 76.1 min  unfinished so far 5
[2026-09-03 19:00:48]   gen 66/298  21.6 min  eta 76.0 min  unfinished so far 6
[2026-09-03 19:01:21]   gen 72/298  22.2 min  eta 69.5 min  unfinished so far 6
[2026-09-03 19:02:31]   gen 78/298  23.3 min  eta 65.8 min  unfinished so far 6
[2026-09-03 19:05:01]   gen 84/298  25.8 min  eta 65.8 min  unfinished so far 7
[2026-09-03 19:06:13]   gen 90/298  27.0 min  eta 62.4 min  unfinished so far 7
[2026-09-03 19:07:42]   gen 96/298  28.5 min  eta 60.0 min  unfinished so far 7
[2026-09-03 19:08:26]   gen 102/298  29.2 min  eta 56.2 min  unfinished so far 7
[2026-09-03 19:08:55]   gen 108/298  29.7 min  eta 52.3 min  unfinished so far 7
[2026-09-03 19:09:40]   gen 114/298  30.5 min  eta 49.2 min  unfinished so far 7
[2026-09-03 19:12:08]   gen 120/298  33.0 min  eta 48.9 min  unfinished so far 8
[2026-09-03 19:14:02]   gen 126/298  34.8 min  eta 47.6 min  unfinished so far 8
[2026-09-03 19:14:35]   gen 132/298  35.4 min  eta 44.5 min  unfinished so far 8
[2026-09-03 19:15:26]   gen 138/298  36.2 min  eta 42.0 min  unfinished so far 8
[2026-09-03 19:16:41]   gen 144/298  37.5 min  eta 40.1 min  unfinished so far 8
[2026-09-03 19:18:14]   gen 150/298  39.0 min  eta 38.5 min  unfinished so far 8
[2026-09-03 19:19:34]   gen 156/298  40.4 min  eta 36.8 min  unfinished so far 8
[2026-09-03 19:20:07]   gen 162/298  40.9 min  eta 34.4 min  unfinished so far 8
[2026-09-03 19:21:40]   gen 168/298  42.5 min  eta 32.9 min  unfinished so far 8
[2026-09-03 19:22:20]   gen 174/298  43.2 min  eta 30.8 min  unfinished so far 8
[2026-09-03 19:23:08]   gen 180/298  43.9 min  eta 28.8 min  unfinished so far 8
[2026-09-03 19:24:00]   gen 186/298  44.8 min  eta 27.0 min  unfinished so far 8
[2026-09-03 19:25:15]   gen 192/298  46.1 min  eta 25.4 min  unfinished so far 8
[2026-09-03 19:27:41]   gen 198/298  48.5 min  eta 24.5 min  unfinished so far 9
[2026-09-03 19:30:06]   gen 204/298  50.9 min  eta 23.5 min  unfinished so far 10
[2026-09-03 19:32:32]   gen 210/298  53.3 min  eta 22.4 min  unfinished so far 11
[2026-09-03 19:33:23]   gen 216/298  54.2 min  eta 20.6 min  unfinished so far 11
[2026-09-03 19:34:08]   gen 222/298  54.9 min  eta 18.8 min  unfinished so far 11
[2026-09-03 19:34:59]   gen 228/298  55.8 min  eta 17.1 min  unfinished so far 11
[2026-09-03 19:35:46]   gen 234/298  56.6 min  eta 15.5 min  unfinished so far 11
[2026-09-03 19:36:30]   gen 240/298  57.3 min  eta 13.8 min  unfinished so far 11
[2026-09-03 19:38:54]   gen 246/298  59.7 min  eta 12.6 min  unfinished so far 12
[2026-09-03 19:39:33]   gen 252/298  60.4 min  eta 11.0 min  unfinished so far 12
[2026-09-03 19:40:52]   gen 258/298  61.7 min  eta 9.6 min  unfinished so far 12
[2026-09-03 19:41:24]   gen 264/298  62.2 min  eta 8.0 min  unfinished so far 12
[2026-09-03 19:43:49]   gen 270/298  64.6 min  eta 6.7 min  unfinished so far 13
[2026-09-03 19:44:25]   gen 276/298  65.2 min  eta 5.2 min  unfinished so far 13
[2026-09-03 19:45:16]   gen 282/298  66.1 min  eta 3.7 min  unfinished so far 13
[2026-09-03 19:46:06]   gen 288/298  66.9 min  eta 2.3 min  unfinished so far 13
[2026-09-03 19:47:28]   gen 294/298  68.3 min  eta 0.9 min  unfinished so far 13
[2026-09-03 19:48:13]   gen 298/298  69.0 min  eta 0.0 min  unfinished so far 13
[2026-09-03 19:48:13] baseline: wrote /home/cutter/d10/results/qwen3_4b/steering/baseline.json; closed </think> 290/298
[2026-09-03 19:48:14] aware: alpha=0.05 aware=True rows edited=800 relative edit=0.036872994154691696
[2026-09-03 19:50:54]   gen 6/298  2.7 min  eta 129.7 min  unfinished so far 1
[2026-09-03 19:51:35]   gen 12/298  3.3 min  eta 79.7 min  unfinished so far 1
[2026-09-03 19:54:11]   gen 18/298  5.9 min  eta 92.4 min  unfinished so far 2
[2026-09-03 19:55:50]   gen 24/298  7.6 min  eta 86.7 min  unfinished so far 2
[2026-09-03 19:57:59]   gen 30/298  9.8 min  eta 87.1 min  unfinished so far 2
[2026-09-03 20:00:29]   gen 36/298  12.3 min  eta 89.2 min  unfinished so far 3
[2026-09-03 20:01:14]   gen 42/298  13.0 min  eta 79.2 min  unfinished so far 3
[2026-09-03 20:02:00]   gen 48/298  13.8 min  eta 71.7 min  unfinished so far 3
[2026-09-03 20:04:30]   gen 54/298  16.3 min  eta 73.5 min  unfinished so far 4
[2026-09-03 20:05:16]   gen 60/298  17.0 min  eta 67.6 min  unfinished so far 4
[2026-09-03 20:06:09]   gen 66/298  17.9 min  eta 63.0 min  unfinished so far 4
[2026-09-03 20:08:38]   gen 72/298  20.4 min  eta 64.0 min  unfinished so far 5
[2026-09-03 20:09:09]   gen 78/298  20.9 min  eta 59.0 min  unfinished so far 5
[2026-09-03 20:10:25]   gen 84/298  22.2 min  eta 56.5 min  unfinished so far 5
[2026-09-03 20:11:11]   gen 90/298  22.9 min  eta 53.0 min  unfinished so far 5
[2026-09-03 20:13:41]   gen 96/298  25.5 min  eta 53.6 min  unfinished so far 6
[2026-09-03 20:16:11]   gen 102/298  27.9 min  eta 53.7 min  unfinished so far 7
[2026-09-03 20:18:41]   gen 108/298  30.4 min  eta 53.6 min  unfinished so far 8
[2026-09-03 20:19:14]   gen 114/298  31.0 min  eta 50.0 min  unfinished so far 8
[2026-09-03 20:21:43]   gen 120/298  33.5 min  eta 49.7 min  unfinished so far 9
[2026-09-03 20:24:14]   gen 126/298  36.0 min  eta 49.1 min  unfinished so far 10
[2026-09-03 20:24:55]   gen 132/298  36.7 min  eta 46.1 min  unfinished so far 10
[2026-09-03 20:26:06]   gen 138/298  37.9 min  eta 43.9 min  unfinished so far 10
[2026-09-03 20:26:42]   gen 144/298  38.5 min  eta 41.1 min  unfinished so far 10
[2026-09-03 20:29:22]   gen 150/298  41.1 min  eta 40.6 min  unfinished so far 11
[2026-09-03 20:31:52]   gen 156/298  43.6 min  eta 39.7 min  unfinished so far 12
[2026-09-03 20:33:15]   gen 162/298  45.0 min  eta 37.8 min  unfinished so far 12
[2026-09-03 20:35:45]   gen 168/298  47.5 min  eta 36.8 min  unfinished so far 13
[2026-09-03 20:36:38]   gen 174/298  48.4 min  eta 34.5 min  unfinished so far 13
[2026-09-03 20:37:27]   gen 180/298  49.2 min  eta 32.3 min  unfinished so far 13
[2026-09-03 20:38:58]   gen 186/298  50.7 min  eta 30.5 min  unfinished so far 13
[2026-09-03 20:41:28]   gen 192/298  53.2 min  eta 29.4 min  unfinished so far 14
[2026-09-03 20:43:52]   gen 198/298  55.6 min  eta 28.1 min  unfinished so far 15
[2026-09-03 20:44:54]   gen 204/298  56.7 min  eta 26.1 min  unfinished so far 15
[2026-09-03 20:46:02]   gen 210/298  57.8 min  eta 24.2 min  unfinished so far 15
[2026-09-03 20:47:16]   gen 216/298  59.0 min  eta 22.4 min  unfinished so far 15
[2026-09-03 20:48:01]   gen 222/298  59.8 min  eta 20.5 min  unfinished so far 15
[2026-09-03 20:50:34]   gen 228/298  62.3 min  eta 19.1 min  unfinished so far 16
[2026-09-03 20:51:30]   gen 234/298  63.3 min  eta 17.3 min  unfinished so far 16
[2026-09-03 20:52:05]   gen 240/298  63.8 min  eta 15.4 min  unfinished so far 16
[2026-09-03 20:54:29]   gen 246/298  66.3 min  eta 14.0 min  unfinished so far 17
[2026-09-03 20:55:54]   gen 252/298  67.7 min  eta 12.3 min  unfinished so far 17
[2026-09-03 20:58:18]   gen 258/298  70.1 min  eta 10.9 min  unfinished so far 18
[2026-09-03 20:58:50]   gen 264/298  70.6 min  eta 9.1 min  unfinished so far 18
[2026-09-03 21:00:25]   gen 270/298  72.2 min  eta 7.5 min  unfinished so far 18
[2026-09-03 21:01:11]   gen 276/298  72.9 min  eta 5.8 min  unfinished so far 18
[2026-09-03 21:02:12]   gen 282/298  74.0 min  eta 4.2 min  unfinished so far 18
[2026-09-03 21:02:58]   gen 288/298  74.7 min  eta 2.6 min  unfinished so far 18
[2026-09-03 21:04:00]   gen 294/298  75.8 min  eta 1.0 min  unfinished so far 18
[2026-09-03 21:04:45]   gen 298/298  76.5 min  eta 0.0 min  unfinished so far 18
[2026-09-03 21:04:45] aware: wrote /home/cutter/d10/results/qwen3_4b/steering/aware.json; closed </think> 286/298
[2026-09-03 21:04:46] unaware: alpha=0.1 aware=False rows edited=800 relative edit=0.07374598830938339
[2026-09-03 21:06:15]   gen 6/298  1.5 min  eta 72.2 min  unfinished so far 0
[2026-09-03 21:07:43]   gen 12/298  2.9 min  eta 70.3 min  unfinished so far 0
[2026-09-03 21:08:49]   gen 18/298  4.0 min  eta 62.8 min  unfinished so far 0
[2026-09-03 21:11:20]   gen 24/298  6.6 min  eta 75.0 min  unfinished so far 1
[2026-09-03 21:13:51]   gen 30/298  9.1 min  eta 81.1 min  unfinished so far 2
[2026-09-03 21:14:56]   gen 36/298  10.2 min  eta 73.9 min  unfinished so far 2
[2026-09-03 21:17:05]   gen 42/298  12.3 min  eta 75.1 min  unfinished so far 2
[2026-09-03 21:19:34]   gen 48/298  14.8 min  eta 77.1 min  unfinished so far 3
[2026-09-03 21:22:03]   gen 54/298  17.3 min  eta 78.1 min  unfinished so far 4
[2026-09-03 21:23:31]   gen 60/298  18.7 min  eta 74.3 min  unfinished so far 4
[2026-09-03 21:24:34]   gen 66/298  19.8 min  eta 69.6 min  unfinished so far 4
[2026-09-03 21:25:11]   gen 72/298  20.4 min  eta 64.1 min  unfinished so far 4
[2026-09-03 21:27:40]   gen 78/298  22.9 min  eta 64.6 min  unfinished so far 5
[2026-09-03 21:28:37]   gen 84/298  23.8 min  eta 60.8 min  unfinished so far 5
[2026-09-03 21:31:06]   gen 90/298  26.3 min  eta 60.9 min  unfinished so far 6
[2026-09-03 21:33:35]   gen 96/298  28.8 min  eta 60.6 min  unfinished so far 7
[2026-09-03 21:36:03]   gen 102/298  31.3 min  eta 60.1 min  unfinished so far 8
[2026-09-03 21:37:36]   gen 108/298  32.8 min  eta 57.8 min  unfinished so far 8
[2026-09-03 21:38:19]   gen 114/298  33.5 min  eta 54.1 min  unfinished so far 8
[2026-09-03 21:40:47]   gen 120/298  36.0 min  eta 53.4 min  unfinished so far 9
[2026-09-03 21:41:23]   gen 126/298  36.6 min  eta 50.0 min  unfinished so far 9
[2026-09-03 21:41:49]   gen 132/298  37.1 min  eta 46.6 min  unfinished so far 9
[2026-09-03 21:44:18]   gen 138/298  39.5 min  eta 45.8 min  unfinished so far 10
[2026-09-03 21:46:04]   gen 144/298  41.3 min  eta 44.2 min  unfinished so far 10
[2026-09-03 21:48:34]   gen 150/298  43.8 min  eta 43.2 min  unfinished so far 11
[2026-09-03 21:51:02]   gen 156/298  46.3 min  eta 42.1 min  unfinished so far 12
[2026-09-03 21:51:36]   gen 162/298  46.8 min  eta 39.3 min  unfinished so far 12
[2026-09-03 21:54:05]   gen 168/298  49.3 min  eta 38.2 min  unfinished so far 13
[2026-09-03 21:55:06]   gen 174/298  50.3 min  eta 35.9 min  unfinished so far 13
[2026-09-03 21:55:50]   gen 180/298  51.1 min  eta 33.5 min  unfinished so far 13
[2026-09-03 21:56:53]   gen 186/298  52.1 min  eta 31.4 min  unfinished so far 13
[2026-09-03 21:58:17]   gen 192/298  53.5 min  eta 29.5 min  unfinished so far 13
[2026-09-03 21:59:02]   gen 198/298  54.3 min  eta 27.4 min  unfinished so far 13
[2026-09-03 21:59:41]   gen 204/298  54.9 min  eta 25.3 min  unfinished so far 13
[2026-09-03 22:00:16]   gen 210/298  55.5 min  eta 23.3 min  unfinished so far 13
[2026-09-03 22:00:57]   gen 216/298  56.2 min  eta 21.3 min  unfinished so far 13
[2026-09-03 22:01:39]   gen 222/298  56.9 min  eta 19.5 min  unfinished so far 13
[2026-09-03 22:02:21]   gen 228/298  57.6 min  eta 17.7 min  unfinished so far 13
[2026-09-03 22:03:05]   gen 234/298  58.3 min  eta 16.0 min  unfinished so far 13
[2026-09-03 22:03:36]   gen 240/298  58.8 min  eta 14.2 min  unfinished so far 13
[2026-09-03 22:05:31]   gen 246/298  60.7 min  eta 12.8 min  unfinished so far 13
[2026-09-03 22:06:22]   gen 252/298  61.6 min  eta 11.2 min  unfinished so far 13
[2026-09-03 22:06:55]   gen 258/298  62.1 min  eta 9.6 min  unfinished so far 13
[2026-09-03 22:07:36]   gen 264/298  62.8 min  eta 8.1 min  unfinished so far 13
[2026-09-03 22:08:48]   gen 270/298  64.0 min  eta 6.6 min  unfinished so far 13
[2026-09-03 22:09:24]   gen 276/298  64.6 min  eta 5.2 min  unfinished so far 13
[2026-09-03 22:10:32]   gen 282/298  65.8 min  eta 3.7 min  unfinished so far 13
[2026-09-03 22:12:58]   gen 288/298  68.2 min  eta 2.4 min  unfinished so far 14
[2026-09-03 22:14:11]   gen 294/298  69.4 min  eta 0.9 min  unfinished so far 14
[2026-09-03 22:14:52]   gen 298/298  70.1 min  eta 0.0 min  unfinished so far 14
[2026-09-03 22:14:52] unaware: wrote /home/cutter/d10/results/qwen3_4b/steering/unaware.json; closed </think> 285/298
[2026-09-03 22:14:54] random_aware: alpha=0.05 aware=True rows edited=800 relative edit=0.03490990027785301
[2026-09-03 22:17:26]   gen 6/298  2.5 min  eta 123.1 min  unfinished so far 1
[2026-09-03 22:18:15]   gen 12/298  3.4 min  eta 79.9 min  unfinished so far 1
[2026-09-03 22:19:35]   gen 18/298  4.7 min  eta 72.9 min  unfinished so far 1
[2026-09-03 22:21:07]   gen 24/298  6.2 min  eta 71.0 min  unfinished so far 1
[2026-09-03 22:22:38]   gen 30/298  7.7 min  eta 69.1 min  unfinished so far 1
[2026-09-03 22:25:12]   gen 36/298  10.3 min  eta 74.9 min  unfinished so far 2
[2026-09-03 22:26:15]   gen 42/298  11.4 min  eta 69.2 min  unfinished so far 2
[2026-09-03 22:28:51]   gen 48/298  14.0 min  eta 72.7 min  unfinished so far 3
[2026-09-03 22:29:56]   gen 54/298  15.0 min  eta 68.0 min  unfinished so far 3
[2026-09-03 22:32:31]   gen 60/298  17.6 min  eta 69.9 min  unfinished so far 4
[2026-09-03 22:35:06]   gen 66/298  20.2 min  eta 71.0 min  unfinished so far 5
[2026-09-03 22:36:12]   gen 72/298  21.3 min  eta 66.9 min  unfinished so far 5
[2026-09-03 22:37:26]   gen 78/298  22.5 min  eta 63.6 min  unfinished so far 5
[2026-09-03 22:39:59]   gen 84/298  25.1 min  eta 63.9 min  unfinished so far 6
[2026-09-03 22:40:33]   gen 90/298  25.6 min  eta 59.3 min  unfinished so far 6
[2026-09-03 22:41:51]   gen 96/298  26.9 min  eta 56.7 min  unfinished so far 6
[2026-09-03 22:44:37]   gen 102/298  29.7 min  eta 57.1 min  unfinished so far 7
[2026-09-03 22:45:10]   gen 108/298  30.3 min  eta 53.3 min  unfinished so far 7
[2026-09-03 22:46:00]   gen 114/298  31.1 min  eta 50.2 min  unfinished so far 7
[2026-09-03 22:47:06]   gen 120/298  32.2 min  eta 47.8 min  unfinished so far 7
[2026-09-03 22:47:50]   gen 126/298  32.9 min  eta 44.9 min  unfinished so far 7
[2026-09-03 22:48:44]   gen 132/298  33.8 min  eta 42.5 min  unfinished so far 7
[2026-09-03 22:49:34]   gen 138/298  34.7 min  eta 40.2 min  unfinished so far 7
[2026-09-03 22:50:17]   gen 144/298  35.4 min  eta 37.8 min  unfinished so far 7
[2026-09-03 22:52:50]   gen 150/298  37.9 min  eta 37.4 min  unfinished so far 8
[2026-09-03 22:54:24]   gen 156/298  39.5 min  eta 36.0 min  unfinished so far 8
[2026-09-03 22:56:58]   gen 162/298  42.1 min  eta 35.3 min  unfinished so far 9
[2026-09-03 22:58:20]   gen 168/298  43.4 min  eta 33.6 min  unfinished so far 9
[2026-09-03 22:59:06]   gen 174/298  44.2 min  eta 31.5 min  unfinished so far 9
[2026-09-03 22:59:54]   gen 180/298  45.0 min  eta 29.5 min  unfinished so far 9
[2026-09-03 23:00:51]   gen 186/298  45.9 min  eta 27.7 min  unfinished so far 9
[2026-09-03 23:01:28]   gen 192/298  46.6 min  eta 25.7 min  unfinished so far 9
[2026-09-03 23:02:49]   gen 198/298  47.9 min  eta 24.2 min  unfinished so far 9
[2026-09-03 23:03:34]   gen 204/298  48.7 min  eta 22.4 min  unfinished so far 9
[2026-09-03 23:06:04]   gen 210/298  51.2 min  eta 21.4 min  unfinished so far 10
[2026-09-03 23:08:30]   gen 216/298  53.6 min  eta 20.3 min  unfinished so far 11
[2026-09-03 23:09:28]   gen 222/298  54.6 min  eta 18.7 min  unfinished so far 11
[2026-09-03 23:10:19]   gen 228/298  55.4 min  eta 17.0 min  unfinished so far 11
[2026-09-03 23:11:01]   gen 234/298  56.1 min  eta 15.3 min  unfinished so far 11
[2026-09-03 23:13:29]   gen 240/298  58.6 min  eta 14.2 min  unfinished so far 12
[2026-09-03 23:14:46]   gen 246/298  59.9 min  eta 12.7 min  unfinished so far 12
[2026-09-03 23:15:39]   gen 252/298  60.7 min  eta 11.1 min  unfinished so far 12
[2026-09-03 23:18:06]   gen 258/298  63.2 min  eta 9.8 min  unfinished so far 13
[2026-09-03 23:18:58]   gen 264/298  64.1 min  eta 8.3 min  unfinished so far 13
[2026-09-03 23:19:39]   gen 270/298  64.7 min  eta 6.7 min  unfinished so far 13
[2026-09-03 23:20:46]   gen 276/298  65.9 min  eta 5.2 min  unfinished so far 13
[2026-09-03 23:21:42]   gen 282/298  66.8 min  eta 3.8 min  unfinished so far 13
[2026-09-03 23:22:29]   gen 288/298  67.6 min  eta 2.3 min  unfinished so far 13
[2026-09-03 23:24:55]   gen 294/298  70.0 min  eta 1.0 min  unfinished so far 14
[2026-09-03 23:25:37]   gen 298/298  70.7 min  eta 0.0 min  unfinished so far 14
[2026-09-03 23:25:37] random_aware: wrote /home/cutter/d10/results/qwen3_4b/steering/random_aware.json; closed </think> 285/298
[2026-09-03 23:25:38] shuffled_aware: alpha=0.05 aware=True rows edited=800 relative edit=0.12714453041553497
[2026-09-03 23:28:13] main: arms ['baseline_seed1', 'aware_strong', 'unaware_strong', 'random_aware', 'shuffled_aware', 'random_samerows_aware', 'shuffled_samerows_aware']
[2026-09-03 23:28:13] baseline_seed1: alpha=0.0 aware=True rows edited=0 relative edit=None
[2026-09-03 23:29:36]   gen 6/298  1.4 min  eta 67.2 min  unfinished so far 0
[2026-09-03 23:30:27]   gen 12/298  2.2 min  eta 53.1 min  unfinished so far 0
[2026-09-03 23:31:45]   gen 18/298  3.5 min  eta 55.1 min  unfinished so far 0
[2026-09-03 23:34:03]   gen 24/298  5.8 min  eta 66.7 min  unfinished so far 1
[2026-09-03 23:34:42]   gen 30/298  6.5 min  eta 58.0 min  unfinished so far 1
[2026-09-03 23:36:55]   gen 36/298  8.7 min  eta 63.4 min  unfinished so far 1
[2026-09-03 23:38:15]   gen 42/298  10.0 min  eta 61.2 min  unfinished so far 1
[2026-09-03 23:40:32]   gen 48/298  12.3 min  eta 64.2 min  unfinished so far 3
[2026-09-03 23:41:14]   gen 54/298  13.0 min  eta 58.9 min  unfinished so far 3
[2026-09-03 23:41:57]   gen 60/298  13.7 min  eta 54.5 min  unfinished so far 3
[2026-09-03 23:44:13]   gen 66/298  16.0 min  eta 56.3 min  unfinished so far 6
[2026-09-03 23:44:47]   gen 72/298  16.6 min  eta 52.0 min  unfinished so far 6
[2026-09-03 23:45:25]   gen 78/298  17.2 min  eta 48.5 min  unfinished so far 6
[2026-09-03 23:46:18]   gen 84/298  18.1 min  eta 46.1 min  unfinished so far 6
[2026-09-03 23:47:22]   gen 90/298  19.1 min  eta 44.3 min  unfinished so far 6
[2026-09-03 23:49:39]   gen 96/298  21.4 min  eta 45.1 min  unfinished so far 7
[2026-09-03 23:51:55]   gen 102/298  23.7 min  eta 45.6 min  unfinished so far 9
[2026-09-03 23:52:49]   gen 108/298  24.6 min  eta 43.3 min  unfinished so far 9
[2026-09-03 23:53:31]   gen 114/298  25.3 min  eta 40.8 min  unfinished so far 9
[2026-09-03 23:54:57]   gen 120/298  26.7 min  eta 39.6 min  unfinished so far 9
[2026-09-03 23:57:14]   gen 126/298  29.0 min  eta 39.6 min  unfinished so far 10
[2026-09-03 23:57:51]   gen 132/298  29.6 min  eta 37.3 min  unfinished so far 10
[2026-09-03 23:58:36]   gen 138/298  30.4 min  eta 35.2 min  unfinished so far 10
[2026-09-03 23:59:27]   gen 144/298  31.2 min  eta 33.4 min  unfinished so far 10
[2026-09-04 00:01:44]   gen 150/298  33.5 min  eta 33.1 min  unfinished so far 11
[2026-09-04 00:03:16]   gen 156/298  35.1 min  eta 31.9 min  unfinished so far 11
[2026-09-04 00:05:35]   gen 162/298  37.4 min  eta 31.4 min  unfinished so far 12
[2026-09-04 00:06:33]   gen 168/298  38.3 min  eta 29.7 min  unfinished so far 12
[2026-09-04 00:07:25]   gen 174/298  39.2 min  eta 27.9 min  unfinished so far 12
[2026-09-04 00:08:03]   gen 180/298  39.8 min  eta 26.1 min  unfinished so far 12
[2026-09-04 00:08:38]   gen 186/298  40.4 min  eta 24.3 min  unfinished so far 12
[2026-09-04 00:10:58]   gen 192/298  42.8 min  eta 23.6 min  unfinished so far 13
[2026-09-04 00:11:44]   gen 198/298  43.5 min  eta 22.0 min  unfinished so far 13
[2026-09-04 00:12:27]   gen 204/298  44.2 min  eta 20.4 min  unfinished so far 13
[2026-09-04 00:14:40]   gen 210/298  46.5 min  eta 19.5 min  unfinished so far 14
[2026-09-04 00:15:29]   gen 216/298  47.3 min  eta 17.9 min  unfinished so far 14
[2026-09-04 00:16:34]   gen 222/298  48.4 min  eta 16.6 min  unfinished so far 14
[2026-09-04 00:17:36]   gen 228/298  49.4 min  eta 15.2 min  unfinished so far 14
[2026-09-04 00:18:15]   gen 234/298  50.0 min  eta 13.7 min  unfinished so far 14
[2026-09-04 00:19:36]   gen 240/298  51.4 min  eta 12.4 min  unfinished so far 14
[2026-09-04 00:21:50]   gen 246/298  53.6 min  eta 11.3 min  unfinished so far 15
[2026-09-04 00:22:21]   gen 252/298  54.1 min  eta 9.9 min  unfinished so far 15
[2026-09-04 00:23:47]   gen 258/298  55.6 min  eta 8.6 min  unfinished so far 15
[2026-09-04 00:24:28]   gen 264/298  56.3 min  eta 7.2 min  unfinished so far 15
[2026-09-04 00:26:41]   gen 270/298  58.5 min  eta 6.1 min  unfinished so far 16
[2026-09-04 00:27:36]   gen 276/298  59.4 min  eta 4.7 min  unfinished so far 16
[2026-09-04 00:28:28]   gen 282/298  60.3 min  eta 3.4 min  unfinished so far 16
[2026-09-04 00:29:11]   gen 288/298  61.0 min  eta 2.1 min  unfinished so far 16
[2026-09-04 00:29:53]   gen 294/298  61.7 min  eta 0.8 min  unfinished so far 16
[2026-09-04 00:30:45]   gen 298/298  62.5 min  eta 0.0 min  unfinished so far 16
[2026-09-04 00:30:45] baseline_seed1: wrote /home/cutter/d10/results/qwen3_4b/steering/baseline_seed1.json; closed </think> 289/298
[2026-09-04 00:30:46] aware_strong: alpha=0.2 aware=True rows edited=800 relative edit=0.14749197661876678
[2026-09-04 00:33:03]   gen 6/298  2.3 min  eta 111.1 min  unfinished so far 1
[2026-09-04 00:34:17]   gen 12/298  3.5 min  eta 83.7 min  unfinished so far 1
[2026-09-04 00:35:26]   gen 18/298  4.7 min  eta 72.4 min  unfinished so far 1
[2026-09-04 00:37:44]   gen 24/298  7.0 min  eta 79.4 min  unfinished so far 2
[2026-09-04 00:38:22]   gen 30/298  7.6 min  eta 67.9 min  unfinished so far 2
[2026-09-04 00:40:39]   gen 36/298  9.9 min  eta 71.9 min  unfinished so far 3
[2026-09-04 00:41:54]   gen 42/298  11.1 min  eta 67.8 min  unfinished so far 3
[2026-09-04 00:44:11]   gen 48/298  13.4 min  eta 69.8 min  unfinished so far 4
[2026-09-04 00:46:28]   gen 54/298  15.7 min  eta 70.9 min  unfinished so far 5
[2026-09-04 00:47:19]   gen 60/298  16.5 min  eta 65.6 min  unfinished so far 5
[2026-09-04 00:48:47]   gen 66/298  18.0 min  eta 63.3 min  unfinished so far 5
[2026-09-04 00:51:05]   gen 72/298  20.3 min  eta 63.8 min  unfinished so far 6
[2026-09-04 00:51:51]   gen 78/298  21.1 min  eta 59.4 min  unfinished so far 6
[2026-09-04 00:52:56]   gen 84/298  22.2 min  eta 56.5 min  unfinished so far 6
[2026-09-04 00:55:14]   gen 90/298  24.5 min  eta 56.5 min  unfinished so far 7
[2026-09-04 00:56:28]   gen 96/298  25.7 min  eta 54.1 min  unfinished so far 7
[2026-09-04 00:58:45]   gen 102/298  28.0 min  eta 53.8 min  unfinished so far 9
[2026-09-04 00:59:35]   gen 108/298  28.8 min  eta 50.7 min  unfinished so far 9
[2026-09-04 01:00:17]   gen 114/298  29.5 min  eta 47.6 min  unfinished so far 9
[2026-09-04 01:01:22]   gen 120/298  30.6 min  eta 45.4 min  unfinished so far 9
[2026-09-04 01:02:20]   gen 126/298  31.6 min  eta 43.1 min  unfinished so far 9
[2026-09-04 01:03:04]   gen 132/298  32.3 min  eta 40.6 min  unfinished so far 9
[2026-09-04 01:03:56]   gen 138/298  33.2 min  eta 38.4 min  unfinished so far 9
[2026-09-04 01:04:55]   gen 144/298  34.1 min  eta 36.5 min  unfinished so far 9
[2026-09-04 01:07:13]   gen 150/298  36.4 min  eta 36.0 min  unfinished so far 10
[2026-09-04 01:09:30]   gen 156/298  38.7 min  eta 35.3 min  unfinished so far 12
[2026-09-04 01:11:47]   gen 162/298  41.0 min  eta 34.4 min  unfinished so far 13
[2026-09-04 01:12:49]   gen 168/298  42.0 min  eta 32.5 min  unfinished so far 13
[2026-09-04 01:13:41]   gen 174/298  42.9 min  eta 30.6 min  unfinished so far 13
[2026-09-04 01:14:43]   gen 180/298  43.9 min  eta 28.8 min  unfinished so far 13
[2026-09-04 01:15:39]   gen 186/298  44.9 min  eta 27.0 min  unfinished so far 13
[2026-09-04 01:16:22]   gen 192/298  45.6 min  eta 25.2 min  unfinished so far 13
[2026-09-04 01:18:35]   gen 198/298  47.8 min  eta 24.1 min  unfinished so far 15
[2026-09-04 01:19:46]   gen 204/298  49.0 min  eta 22.6 min  unfinished so far 15
[2026-09-04 01:21:59]   gen 210/298  51.2 min  eta 21.5 min  unfinished so far 16
[2026-09-04 01:22:40]   gen 216/298  51.9 min  eta 19.7 min  unfinished so far 16
[2026-09-04 01:23:23]   gen 222/298  52.6 min  eta 18.0 min  unfinished so far 16
[2026-09-04 01:24:38]   gen 228/298  53.9 min  eta 16.5 min  unfinished so far 16
[2026-09-04 01:25:17]   gen 234/298  54.5 min  eta 14.9 min  unfinished so far 16
[2026-09-04 01:26:43]   gen 240/298  55.9 min  eta 13.5 min  unfinished so far 16
[2026-09-04 01:27:25]   gen 246/298  56.6 min  eta 12.0 min  unfinished so far 16
[2026-09-04 01:28:12]   gen 252/298  57.4 min  eta 10.5 min  unfinished so far 16
[2026-09-04 01:30:25]   gen 258/298  59.6 min  eta 9.2 min  unfinished so far 17
[2026-09-04 01:31:12]   gen 264/298  60.4 min  eta 7.8 min  unfinished so far 17
[2026-09-04 01:31:48]   gen 270/298  61.0 min  eta 6.3 min  unfinished so far 17
[2026-09-04 01:33:14]   gen 276/298  62.5 min  eta 5.0 min  unfinished so far 17
[2026-09-04 01:35:28]   gen 282/298  64.7 min  eta 3.7 min  unfinished so far 18
[2026-09-04 01:36:13]   gen 288/298  65.4 min  eta 2.3 min  unfinished so far 18
[2026-09-04 01:37:16]   gen 294/298  66.5 min  eta 0.9 min  unfinished so far 18
[2026-09-04 01:37:57]   gen 298/298  67.2 min  eta 0.0 min  unfinished so far 18
[2026-09-04 01:37:57] aware_strong: wrote /home/cutter/d10/results/qwen3_4b/steering/aware_strong.json; closed </think> 287/298
[2026-09-04 01:37:58] unaware_strong: alpha=0.2 aware=False rows edited=800 relative edit=0.14749197661876678
[2026-09-04 01:40:17]   gen 6/298  2.3 min  eta 112.4 min  unfinished so far 1
[2026-09-04 01:42:40]   gen 12/298  4.7 min  eta 112.1 min  unfinished so far 2
[2026-09-04 01:45:03]   gen 18/298  7.1 min  eta 110.1 min  unfinished so far 3
[2026-09-04 01:46:25]   gen 24/298  8.5 min  eta 96.5 min  unfinished so far 3
[2026-09-04 01:47:26]   gen 30/298  9.5 min  eta 84.5 min  unfinished so far 3
[2026-09-04 01:48:34]   gen 36/298  10.6 min  eta 77.1 min  unfinished so far 3
[2026-09-04 01:49:18]   gen 42/298  11.3 min  eta 69.0 min  unfinished so far 3
[2026-09-04 01:50:20]   gen 48/298  12.4 min  eta 64.4 min  unfinished so far 3
[2026-09-04 01:52:39]   gen 54/298  14.7 min  eta 66.3 min  unfinished so far 4
[2026-09-04 01:53:43]   gen 60/298  15.8 min  eta 62.5 min  unfinished so far 4
[2026-09-04 01:56:02]   gen 66/298  18.1 min  eta 63.5 min  unfinished so far 5
[2026-09-04 01:56:36]   gen 72/298  18.6 min  eta 58.5 min  unfinished so far 5
[2026-09-04 01:57:40]   gen 78/298  19.7 min  eta 55.6 min  unfinished so far 5
[2026-09-04 01:58:55]   gen 84/298  21.0 min  eta 53.4 min  unfinished so far 5
[2026-09-04 02:00:00]   gen 90/298  22.0 min  eta 50.9 min  unfinished so far 5
[2026-09-04 02:01:01]   gen 96/298  23.0 min  eta 48.5 min  unfinished so far 5
[2026-09-04 02:02:20]   gen 102/298  24.4 min  eta 46.8 min  unfinished so far 5
[2026-09-04 02:03:44]   gen 108/298  25.8 min  eta 45.3 min  unfinished so far 5
[2026-09-04 02:04:22]   gen 114/298  26.4 min  eta 42.6 min  unfinished so far 5
[2026-09-04 02:05:06]   gen 120/298  27.1 min  eta 40.3 min  unfinished so far 5
[2026-09-04 02:05:55]   gen 126/298  27.9 min  eta 38.1 min  unfinished so far 5
[2026-09-04 02:06:56]   gen 132/298  29.0 min  eta 36.4 min  unfinished so far 5
[2026-09-04 02:09:15]   gen 138/298  31.3 min  eta 36.3 min  unfinished so far 6
[2026-09-04 02:09:52]   gen 144/298  31.9 min  eta 34.1 min  unfinished so far 6
[2026-09-04 02:12:09]   gen 150/298  34.2 min  eta 33.7 min  unfinished so far 7
[2026-09-04 02:13:37]   gen 156/298  35.6 min  eta 32.4 min  unfinished so far 7
[2026-09-04 02:15:55]   gen 162/298  37.9 min  eta 31.9 min  unfinished so far 8
[2026-09-04 02:16:46]   gen 168/298  38.8 min  eta 30.0 min  unfinished so far 8
[2026-09-04 02:17:38]   gen 174/298  39.7 min  eta 28.3 min  unfinished so far 8
[2026-09-04 02:18:19]   gen 180/298  40.3 min  eta 26.4 min  unfinished so far 8
[2026-09-04 02:18:56]   gen 186/298  41.0 min  eta 24.7 min  unfinished so far 8
[2026-09-04 02:19:37]   gen 192/298  41.7 min  eta 23.0 min  unfinished so far 8
[2026-09-04 02:21:51]   gen 198/298  43.9 min  eta 22.2 min  unfinished so far 9
[2026-09-04 02:24:05]   gen 204/298  46.1 min  eta 21.2 min  unfinished so far 10
[2026-09-04 02:26:19]   gen 210/298  48.3 min  eta 20.3 min  unfinished so far 11
[2026-09-04 02:26:57]   gen 216/298  49.0 min  eta 18.6 min  unfinished so far 11
[2026-09-04 02:27:46]   gen 222/298  49.8 min  eta 17.0 min  unfinished so far 11
[2026-09-04 02:28:23]   gen 228/298  50.4 min  eta 15.5 min  unfinished so far 11
[2026-09-04 02:29:09]   gen 234/298  51.2 min  eta 14.0 min  unfinished so far 11
[2026-09-04 02:29:47]   gen 240/298  51.8 min  eta 12.5 min  unfinished so far 11
[2026-09-04 02:31:15]   gen 246/298  53.3 min  eta 11.3 min  unfinished so far 11
[2026-09-04 02:32:04]   gen 252/298  54.1 min  eta 9.9 min  unfinished so far 11
[2026-09-04 02:33:08]   gen 258/298  55.2 min  eta 8.6 min  unfinished so far 11
[2026-09-04 02:33:41]   gen 264/298  55.7 min  eta 7.2 min  unfinished so far 11
[2026-09-04 02:34:19]   gen 270/298  56.3 min  eta 5.8 min  unfinished so far 11
[2026-09-04 02:35:04]   gen 276/298  57.1 min  eta 4.6 min  unfinished so far 11
[2026-09-04 02:35:57]   gen 282/298  58.0 min  eta 3.3 min  unfinished so far 11
[2026-09-04 02:38:11]   gen 288/298  60.2 min  eta 2.1 min  unfinished so far 12
[2026-09-04 02:39:10]   gen 294/298  61.2 min  eta 0.8 min  unfinished so far 12
[2026-09-04 02:40:47]   gen 298/298  62.8 min  eta 0.0 min  unfinished so far 13
[2026-09-04 02:40:47] unaware_strong: wrote /home/cutter/d10/results/qwen3_4b/steering/unaware_strong.json; closed </think> 288/298
[2026-09-04 02:40:47] random_aware: exists, skipping
[2026-09-04 02:40:48] shuffled_aware: alpha=0.05 aware=True rows edited=800 relative edit=0.12714453041553497
[2026-09-04 02:43:07]   gen 6/298  2.3 min  eta 112.7 min  unfinished so far 1
[2026-09-04 02:45:31]   gen 12/298  4.7 min  eta 112.4 min  unfinished so far 3
[2026-09-04 02:46:41]   gen 18/298  5.9 min  eta 91.3 min  unfinished so far 3
[2026-09-04 02:48:59]   gen 24/298  8.2 min  eta 93.4 min  unfinished so far 4
[2026-09-04 02:50:26]   gen 30/298  9.6 min  eta 86.0 min  unfinished so far 4
[2026-09-04 02:52:45]   gen 36/298  11.9 min  eta 86.9 min  unfinished so far 5
[2026-09-04 02:55:02]   gen 42/298  14.2 min  eta 86.7 min  unfinished so far 7
[2026-09-04 02:56:14]   gen 48/298  15.4 min  eta 80.3 min  unfinished so far 7
[2026-09-04 02:58:32]   gen 54/298  17.7 min  eta 80.1 min  unfinished so far 8
[2026-09-04 02:59:45]   gen 60/298  18.9 min  eta 75.1 min  unfinished so far 8
[2026-09-04 03:02:03]   gen 66/298  21.2 min  eta 74.7 min  unfinished so far 9
[2026-09-04 03:02:40]   gen 72/298  21.9 min  eta 68.6 min  unfinished so far 9
[2026-09-04 03:04:08]   gen 78/298  23.3 min  eta 65.8 min  unfinished so far 9
[2026-09-04 03:05:44]   gen 84/298  24.9 min  eta 63.5 min  unfinished so far 9
[2026-09-04 03:08:01]   gen 90/298  27.2 min  eta 62.9 min  unfinished so far 10
[2026-09-04 03:09:12]   gen 96/298  28.4 min  eta 59.7 min  unfinished so far 10
[2026-09-04 03:10:34]   gen 102/298  29.8 min  eta 57.2 min  unfinished so far 10
[2026-09-04 03:11:43]   gen 108/298  30.9 min  eta 54.4 min  unfinished so far 10
[2026-09-04 03:12:29]   gen 114/298  31.7 min  eta 51.1 min  unfinished so far 10
[2026-09-04 03:13:16]   gen 120/298  32.5 min  eta 48.2 min  unfinished so far 10
[2026-09-04 03:14:22]   gen 126/298  33.6 min  eta 45.8 min  unfinished so far 10
[2026-09-04 03:15:01]   gen 132/298  34.2 min  eta 43.0 min  unfinished so far 10
[2026-09-04 03:15:50]   gen 138/298  35.0 min  eta 40.6 min  unfinished so far 10
[2026-09-04 03:16:27]   gen 144/298  35.6 min  eta 38.1 min  unfinished so far 10
[2026-09-04 03:18:12]   gen 150/298  37.4 min  eta 36.9 min  unfinished so far 10
[2026-09-04 03:20:30]   gen 156/298  39.7 min  eta 36.1 min  unfinished so far 11
[2026-09-04 03:21:58]   gen 162/298  41.2 min  eta 34.6 min  unfinished so far 11
[2026-09-04 03:22:57]   gen 168/298  42.2 min  eta 32.6 min  unfinished so far 11
[2026-09-04 03:23:37]   gen 174/298  42.8 min  eta 30.5 min  unfinished so far 11
[2026-09-04 03:24:58]   gen 180/298  44.2 min  eta 29.0 min  unfinished so far 11
[2026-09-04 03:25:56]   gen 186/298  45.1 min  eta 27.2 min  unfinished so far 11
[2026-09-04 03:26:49]   gen 192/298  46.0 min  eta 25.4 min  unfinished so far 11
[2026-09-04 03:27:38]   gen 198/298  46.8 min  eta 23.6 min  unfinished so far 11
[2026-09-04 03:28:17]   gen 204/298  47.5 min  eta 21.9 min  unfinished so far 11
[2026-09-04 03:29:42]   gen 210/298  48.9 min  eta 20.5 min  unfinished so far 11
[2026-09-04 03:30:22]   gen 216/298  49.6 min  eta 18.8 min  unfinished so far 11
[2026-09-04 03:31:02]   gen 222/298  50.2 min  eta 17.2 min  unfinished so far 11
[2026-09-04 03:31:48]   gen 228/298  51.0 min  eta 15.7 min  unfinished so far 11
[2026-09-04 03:32:25]   gen 234/298  51.6 min  eta 14.1 min  unfinished so far 11
[2026-09-04 03:33:10]   gen 240/298  52.4 min  eta 12.7 min  unfinished so far 11
[2026-09-04 03:33:43]   gen 246/298  52.9 min  eta 11.2 min  unfinished so far 11
[2026-09-04 03:34:13]   gen 252/298  53.4 min  eta 9.8 min  unfinished so far 11
[2026-09-04 03:36:26]   gen 258/298  55.6 min  eta 8.6 min  unfinished so far 12
[2026-09-04 03:37:19]   gen 264/298  56.5 min  eta 7.3 min  unfinished so far 12
[2026-09-04 03:38:24]   gen 270/298  57.6 min  eta 6.0 min  unfinished so far 12
[2026-09-04 03:39:21]   gen 276/298  58.5 min  eta 4.7 min  unfinished so far 12
[2026-09-04 03:40:30]   gen 282/298  59.7 min  eta 3.4 min  unfinished so far 12
[2026-09-04 03:42:45]   gen 288/298  61.9 min  eta 2.2 min  unfinished so far 13
[2026-09-04 03:44:00]   gen 294/298  63.2 min  eta 0.9 min  unfinished so far 13
[2026-09-04 03:44:46]   gen 298/298  64.0 min  eta 0.0 min  unfinished so far 13
[2026-09-04 03:44:46] shuffled_aware: wrote /home/cutter/d10/results/qwen3_4b/steering/shuffled_aware.json; closed </think> 286/298
[2026-09-04 03:44:47] random_samerows_aware: alpha=0.05 aware=True rows edited=800 relative edit=0.0368729904294014
[2026-09-04 03:47:17]   gen 6/298  2.5 min  eta 120.9 min  unfinished so far 1
[2026-09-04 03:49:51]   gen 12/298  5.1 min  eta 120.6 min  unfinished so far 2
[2026-09-04 03:52:23]   gen 18/298  7.6 min  eta 118.0 min  unfinished so far 3
[2026-09-04 03:54:50]   gen 24/298  10.1 min  eta 114.7 min  unfinished so far 4
[2026-09-04 03:55:35]   gen 30/298  10.8 min  eta 96.4 min  unfinished so far 4
[2026-09-04 03:58:03]   gen 36/298  13.3 min  eta 96.4 min  unfinished so far 6
[2026-09-04 03:58:53]   gen 42/298  14.1 min  eta 85.9 min  unfinished so far 6
[2026-09-04 04:01:22]   gen 48/298  16.6 min  eta 86.3 min  unfinished so far 7
[2026-09-04 04:03:51]   gen 54/298  19.1 min  eta 86.1 min  unfinished so far 8
[2026-09-04 04:06:19]   gen 60/298  21.5 min  eta 85.4 min  unfinished so far 9
[2026-09-04 04:08:47]   gen 66/298  24.0 min  eta 84.3 min  unfinished so far 10
[2026-09-04 04:10:12]   gen 72/298  25.4 min  eta 79.7 min  unfinished so far 10
[2026-09-04 04:11:25]   gen 78/298  26.6 min  eta 75.1 min  unfinished so far 10
[2026-09-04 04:13:52]   gen 84/298  29.1 min  eta 74.1 min  unfinished so far 11
[2026-09-04 04:14:29]   gen 90/298  29.7 min  eta 68.6 min  unfinished so far 11
[2026-09-04 04:15:33]   gen 96/298  30.8 min  eta 64.7 min  unfinished so far 11
[2026-09-04 04:16:09]   gen 102/298  31.4 min  eta 60.3 min  unfinished so far 11
[2026-09-04 04:16:49]   gen 108/298  32.0 min  eta 56.3 min  unfinished so far 11
[2026-09-04 04:17:50]   gen 114/298  33.0 min  eta 53.3 min  unfinished so far 11
[2026-09-04 04:20:15]   gen 120/298  35.5 min  eta 52.6 min  unfinished so far 11
[2026-09-04 04:21:17]   gen 126/298  36.5 min  eta 49.8 min  unfinished so far 11
[2026-09-04 04:23:39]   gen 132/298  38.9 min  eta 48.9 min  unfinished so far 12
[2026-09-04 04:24:41]   gen 138/298  39.9 min  eta 46.3 min  unfinished so far 12
[2026-09-04 04:27:09]   gen 144/298  42.4 min  eta 45.3 min  unfinished so far 13
[2026-09-04 04:29:08]   gen 150/298  44.3 min  eta 43.8 min  unfinished so far 13
[2026-09-04 04:30:00]   gen 156/298  45.2 min  eta 41.2 min  unfinished so far 13
[2026-09-04 04:31:18]   gen 162/298  46.5 min  eta 39.0 min  unfinished so far 13
[2026-09-04 04:33:46]   gen 168/298  49.0 min  eta 37.9 min  unfinished so far 14
[2026-09-04 04:34:33]   gen 174/298  49.8 min  eta 35.5 min  unfinished so far 14
[2026-09-04 04:35:25]   gen 180/298  50.6 min  eta 33.2 min  unfinished so far 14
[2026-09-04 04:36:09]   gen 186/298  51.4 min  eta 30.9 min  unfinished so far 14
[2026-09-04 04:37:10]   gen 192/298  52.4 min  eta 28.9 min  unfinished so far 14
[2026-09-04 04:38:22]   gen 198/298  53.6 min  eta 27.1 min  unfinished so far 14
[2026-09-04 04:40:44]   gen 204/298  55.9 min  eta 25.8 min  unfinished so far 15
[2026-09-04 04:41:51]   gen 210/298  57.1 min  eta 23.9 min  unfinished so far 15
[2026-09-04 04:42:39]   gen 216/298  57.9 min  eta 22.0 min  unfinished so far 15
[2026-09-04 04:43:50]   gen 222/298  59.0 min  eta 20.2 min  unfinished so far 15
[2026-09-04 04:45:24]   gen 228/298  60.6 min  eta 18.6 min  unfinished so far 15
[2026-09-04 04:46:16]   gen 234/298  61.5 min  eta 16.8 min  unfinished so far 15
[2026-09-04 04:46:55]   gen 240/298  62.1 min  eta 15.0 min  unfinished so far 15
[2026-09-04 04:49:17]   gen 246/298  64.5 min  eta 13.6 min  unfinished so far 16
[2026-09-04 04:49:41]   gen 252/298  64.9 min  eta 11.8 min  unfinished so far 16
[2026-09-04 04:50:54]   gen 258/298  66.1 min  eta 10.2 min  unfinished so far 16
[2026-09-04 04:52:10]   gen 264/298  67.4 min  eta 8.7 min  unfinished so far 16
[2026-09-04 04:53:25]   gen 270/298  68.6 min  eta 7.1 min  unfinished so far 16
[2026-09-04 04:54:40]   gen 276/298  69.9 min  eta 5.6 min  unfinished so far 16
[2026-09-04 04:57:04]   gen 282/298  72.3 min  eta 4.1 min  unfinished so far 17
[2026-09-04 04:57:44]   gen 288/298  72.9 min  eta 2.5 min  unfinished so far 17
[2026-09-04 04:59:08]   gen 294/298  74.3 min  eta 1.0 min  unfinished so far 17
[2026-09-04 04:59:55]   gen 298/298  75.1 min  eta 0.0 min  unfinished so far 17
[2026-09-04 04:59:55] random_samerows_aware: wrote /home/cutter/d10/results/qwen3_4b/steering/random_samerows_aware.json; closed </think> 288/298
[2026-09-04 04:59:56] shuffled_samerows_aware: alpha=0.05 aware=True rows edited=800 relative edit=0.0368729904294014
[2026-09-04 05:02:23]   gen 6/298  2.4 min  eta 119.1 min  unfinished so far 1
[2026-09-04 05:04:53]   gen 12/298  5.0 min  eta 118.0 min  unfinished so far 2
[2026-09-04 05:06:01]   gen 18/298  6.1 min  eta 94.4 min  unfinished so far 2
[2026-09-04 05:07:14]   gen 24/298  7.3 min  eta 83.3 min  unfinished so far 2
[2026-09-04 05:08:28]   gen 30/298  8.5 min  eta 76.2 min  unfinished so far 2
[2026-09-04 05:09:53]   gen 36/298  9.9 min  eta 72.4 min  unfinished so far 2
[2026-09-04 05:10:37]   gen 42/298  10.7 min  eta 65.1 min  unfinished so far 2
[2026-09-04 05:11:41]   gen 48/298  11.7 min  eta 61.2 min  unfinished so far 2
[2026-09-04 05:12:53]   gen 54/298  12.9 min  eta 58.4 min  unfinished so far 2
[2026-09-04 05:15:19]   gen 60/298  15.4 min  eta 61.0 min  unfinished so far 3
[2026-09-04 05:17:47]   gen 66/298  17.8 min  eta 62.7 min  unfinished so far 4
[2026-09-04 05:18:47]   gen 72/298  18.9 min  eta 59.2 min  unfinished so far 4
[2026-09-04 05:19:35]   gen 78/298  19.6 min  eta 55.4 min  unfinished so far 4
[2026-09-04 05:22:02]   gen 84/298  22.1 min  eta 56.3 min  unfinished so far 5
[2026-09-04 05:23:01]   gen 90/298  23.1 min  eta 53.3 min  unfinished so far 5
[2026-09-04 05:23:58]   gen 96/298  24.0 min  eta 50.6 min  unfinished so far 5
[2026-09-04 05:24:45]   gen 102/298  24.8 min  eta 47.7 min  unfinished so far 5
[2026-09-04 05:26:01]   gen 108/298  26.1 min  eta 45.9 min  unfinished so far 5
[2026-09-04 05:26:59]   gen 114/298  27.0 min  eta 43.7 min  unfinished so far 5
[2026-09-04 05:28:23]   gen 120/298  28.4 min  eta 42.2 min  unfinished so far 5
[2026-09-04 05:29:27]   gen 126/298  29.5 min  eta 40.3 min  unfinished so far 5
[2026-09-04 05:30:12]   gen 132/298  30.3 min  eta 38.1 min  unfinished so far 5
[2026-09-04 05:31:14]   gen 138/298  31.3 min  eta 36.3 min  unfinished so far 5
[2026-09-04 05:32:38]   gen 144/298  32.7 min  eta 35.0 min  unfinished so far 5
[2026-09-04 05:35:04]   gen 150/298  35.1 min  eta 34.7 min  unfinished so far 6
[2026-09-04 05:35:59]   gen 156/298  36.0 min  eta 32.8 min  unfinished so far 6
[2026-09-04 05:37:05]   gen 162/298  37.2 min  eta 31.2 min  unfinished so far 6
[2026-09-04 05:38:01]   gen 168/298  38.1 min  eta 29.5 min  unfinished so far 6
[2026-09-04 05:38:52]   gen 174/298  38.9 min  eta 27.7 min  unfinished so far 6
[2026-09-04 05:40:10]   gen 180/298  40.2 min  eta 26.4 min  unfinished so far 6
[2026-09-04 05:42:33]   gen 186/298  42.6 min  eta 25.7 min  unfinished so far 7
[2026-09-04 05:43:25]   gen 192/298  43.5 min  eta 24.0 min  unfinished so far 7
[2026-09-04 05:44:03]   gen 198/298  44.1 min  eta 22.3 min  unfinished so far 7
[2026-09-04 05:46:27]   gen 204/298  46.5 min  eta 21.4 min  unfinished so far 8
[2026-09-04 05:47:04]   gen 210/298  47.1 min  eta 19.8 min  unfinished so far 8
[2026-09-04 05:49:28]   gen 216/298  49.5 min  eta 18.8 min  unfinished so far 9
[2026-09-04 05:50:11]   gen 222/298  50.3 min  eta 17.2 min  unfinished so far 9
[2026-09-04 05:50:52]   gen 228/298  50.9 min  eta 15.6 min  unfinished so far 9
[2026-09-04 05:51:22]   gen 234/298  51.4 min  eta 14.1 min  unfinished so far 9
[2026-09-04 05:51:49]   gen 240/298  51.9 min  eta 12.5 min  unfinished so far 9
[2026-09-04 05:54:11]   gen 246/298  54.3 min  eta 11.5 min  unfinished so far 10
[2026-09-04 05:55:06]   gen 252/298  55.2 min  eta 10.1 min  unfinished so far 10
[2026-09-04 05:57:23]   gen 258/298  57.5 min  eta 8.9 min  unfinished so far 10
[2026-09-04 05:58:31]   gen 264/298  58.6 min  eta 7.5 min  unfinished so far 10
[2026-09-04 05:59:13]   gen 270/298  59.3 min  eta 6.1 min  unfinished so far 10
[2026-09-04 06:00:48]   gen 276/298  60.9 min  eta 4.9 min  unfinished so far 10
[2026-09-04 06:01:56]   gen 282/298  62.0 min  eta 3.5 min  unfinished so far 10
[2026-09-04 06:04:19]   gen 288/298  64.4 min  eta 2.2 min  unfinished so far 11
[2026-09-04 06:05:01]   gen 294/298  65.1 min  eta 0.9 min  unfinished so far 11
[2026-09-04 06:05:46]   gen 298/298  65.8 min  eta 0.0 min  unfinished so far 11
[2026-09-04 06:05:46] shuffled_samerows_aware: wrote /home/cutter/d10/results/qwen3_4b/steering/shuffled_samerows_aware.json; closed </think> 291/298
