[2026-09-04 06:42:10] f1_prompt: task actions, 149 items × ['real', 'fake'], arms ['prompt_test']
[2026-09-04 06:42:22] prompt_test: kind=prompt {}
[2026-09-04 06:43:20]   gen 6/298  1.0 min  eta 47.1 min  unfinished so far 0
[2026-09-04 06:45:43]   gen 12/298  3.3 min  eta 79.7 min  unfinished so far 1
[2026-09-04 06:46:24]   gen 18/298  4.0 min  eta 62.5 min  unfinished so far 1
[2026-09-04 06:48:30]   gen 24/298  6.1 min  eta 69.9 min  unfinished so far 1
[2026-09-04 06:49:53]   gen 30/298  7.5 min  eta 67.1 min  unfinished so far 1
[2026-09-04 06:52:15]   gen 36/298  9.9 min  eta 71.9 min  unfinished so far 3
[2026-09-04 06:53:27]   gen 42/298  11.1 min  eta 67.5 min  unfinished so far 3
[2026-09-04 06:55:49]   gen 48/298  13.4 min  eta 70.0 min  unfinished so far 4
[2026-09-04 06:58:11]   gen 54/298  15.8 min  eta 71.4 min  unfinished so far 5
[2026-09-04 06:58:57]   gen 60/298  16.6 min  eta 65.8 min  unfinished so far 5
[2026-09-04 07:00:04]   gen 66/298  17.7 min  eta 62.2 min  unfinished so far 5
[2026-09-04 07:01:16]   gen 72/298  18.9 min  eta 59.3 min  unfinished so far 5
[2026-09-04 07:01:55]   gen 78/298  19.5 min  eta 55.1 min  unfinished so far 5
[2026-09-04 07:03:04]   gen 84/298  20.7 min  eta 52.7 min  unfinished so far 5
[2026-09-04 07:05:29]   gen 90/298  23.1 min  eta 53.4 min  unfinished so far 6
[2026-09-04 07:07:48]   gen 96/298  25.4 min  eta 53.5 min  unfinished so far 7
[2026-09-04 07:10:08]   gen 102/298  27.8 min  eta 53.3 min  unfinished so far 8
[2026-09-04 07:10:45]   gen 108/298  28.4 min  eta 49.9 min  unfinished so far 8
[2026-09-04 07:13:05]   gen 114/298  30.7 min  eta 49.6 min  unfinished so far 9
[2026-09-04 07:13:52]   gen 120/298  31.5 min  eta 46.7 min  unfinished so far 9
[2026-09-04 07:15:20]   gen 126/298  33.0 min  eta 45.0 min  unfinished so far 9
[2026-09-04 07:16:08]   gen 132/298  33.8 min  eta 42.4 min  unfinished so far 9
[2026-09-04 07:17:17]   gen 138/298  34.9 min  eta 40.5 min  unfinished so far 9
[2026-09-04 07:18:15]   gen 144/298  35.9 min  eta 38.4 min  unfinished so far 9
[2026-09-04 07:19:17]   gen 150/298  36.9 min  eta 36.4 min  unfinished so far 9
[2026-09-04 07:20:49]   gen 156/298  38.5 min  eta 35.0 min  unfinished so far 9
[2026-09-04 07:23:11]   gen 162/298  40.8 min  eta 34.3 min  unfinished so far 10
[2026-09-04 07:24:32]   gen 168/298  42.2 min  eta 32.6 min  unfinished so far 10
[2026-09-04 07:25:49]   gen 174/298  43.4 min  eta 31.0 min  unfinished so far 10
[2026-09-04 07:26:41]   gen 180/298  44.3 min  eta 29.0 min  unfinished so far 10
[2026-09-04 07:27:20]   gen 186/298  45.0 min  eta 27.1 min  unfinished so far 10
[2026-09-04 07:27:59]   gen 192/298  45.6 min  eta 25.2 min  unfinished so far 10
[2026-09-04 07:28:38]   gen 198/298  46.3 min  eta 23.4 min  unfinished so far 10
[2026-09-04 07:29:22]   gen 204/298  47.0 min  eta 21.7 min  unfinished so far 10
[2026-09-04 07:30:47]   gen 210/298  48.4 min  eta 20.3 min  unfinished so far 10
[2026-09-04 07:33:07]   gen 216/298  50.7 min  eta 19.3 min  unfinished so far 11
[2026-09-04 07:33:55]   gen 222/298  51.5 min  eta 17.6 min  unfinished so far 11
[2026-09-04 07:34:39]   gen 228/298  52.3 min  eta 16.0 min  unfinished so far 11
[2026-09-04 07:36:02]   gen 234/298  53.7 min  eta 14.7 min  unfinished so far 11
[2026-09-04 07:36:59]   gen 240/298  54.6 min  eta 13.2 min  unfinished so far 11
[2026-09-04 07:37:41]   gen 246/298  55.3 min  eta 11.7 min  unfinished so far 11
[2026-09-04 07:38:19]   gen 252/298  55.9 min  eta 10.2 min  unfinished so far 11
[2026-09-04 07:38:51]   gen 258/298  56.5 min  eta 8.8 min  unfinished so far 11
[2026-09-04 07:39:28]   gen 264/298  57.1 min  eta 7.4 min  unfinished so far 11
[2026-09-04 07:41:48]   gen 270/298  59.4 min  eta 6.2 min  unfinished so far 12
[2026-09-04 07:42:50]   gen 276/298  60.5 min  eta 4.8 min  unfinished so far 12
[2026-09-04 07:43:47]   gen 282/298  61.4 min  eta 3.5 min  unfinished so far 12
[2026-09-04 07:44:22]   gen 288/298  62.0 min  eta 2.2 min  unfinished so far 12
[2026-09-04 06:42:10] f1_prompt: task actions, 149 items × ['real', 'fake'], arms ['prompt_test']
[2026-09-04 06:42:22] prompt_test: kind=prompt {}
[2026-09-04 06:43:20]   gen 6/298  1.0 min  eta 47.1 min  unfinished so far 0
[2026-09-04 06:45:43]   gen 12/298  3.3 min  eta 79.7 min  unfinished so far 1
[2026-09-04 06:46:24]   gen 18/298  4.0 min  eta 62.5 min  unfinished so far 1
[2026-09-04 06:48:30]   gen 24/298  6.1 min  eta 69.9 min  unfinished so far 1
[2026-09-04 06:49:53]   gen 30/298  7.5 min  eta 67.1 min  unfinished so far 1
[2026-09-04 06:52:15]   gen 36/298  9.9 min  eta 71.9 min  unfinished so far 3
[2026-09-04 06:53:27]   gen 42/298  11.1 min  eta 67.5 min  unfinished so far 3
[2026-09-04 06:55:49]   gen 48/298  13.4 min  eta 70.0 min  unfinished so far 4
[2026-09-04 06:58:11]   gen 54/298  15.8 min  eta 71.4 min  unfinished so far 5
[2026-09-04 06:58:57]   gen 60/298  16.6 min  eta 65.8 min  unfinished so far 5
[2026-09-04 07:00:04]   gen 66/298  17.7 min  eta 62.2 min  unfinished so far 5
[2026-09-04 07:01:16]   gen 72/298  18.9 min  eta 59.3 min  unfinished so far 5
[2026-09-04 07:01:55]   gen 78/298  19.5 min  eta 55.1 min  unfinished so far 5
[2026-09-04 07:03:04]   gen 84/298  20.7 min  eta 52.7 min  unfinished so far 5
[2026-09-04 07:05:29]   gen 90/298  23.1 min  eta 53.4 min  unfinished so far 6
[2026-09-04 07:07:48]   gen 96/298  25.4 min  eta 53.5 min  unfinished so far 7
[2026-09-04 07:10:08]   gen 102/298  27.8 min  eta 53.3 min  unfinished so far 8
[2026-09-04 07:10:45]   gen 108/298  28.4 min  eta 49.9 min  unfinished so far 8
[2026-09-04 07:13:05]   gen 114/298  30.7 min  eta 49.6 min  unfinished so far 9
[2026-09-04 07:13:52]   gen 120/298  31.5 min  eta 46.7 min  unfinished so far 9
[2026-09-04 07:15:20]   gen 126/298  33.0 min  eta 45.0 min  unfinished so far 9
[2026-09-04 07:16:08]   gen 132/298  33.8 min  eta 42.4 min  unfinished so far 9
[2026-09-04 07:17:17]   gen 138/298  34.9 min  eta 40.5 min  unfinished so far 9
[2026-09-04 07:18:15]   gen 144/298  35.9 min  eta 38.4 min  unfinished so far 9
[2026-09-04 07:19:17]   gen 150/298  36.9 min  eta 36.4 min  unfinished so far 9
[2026-09-04 07:20:49]   gen 156/298  38.5 min  eta 35.0 min  unfinished so far 9
[2026-09-04 07:23:11]   gen 162/298  40.8 min  eta 34.3 min  unfinished so far 10
[2026-09-04 07:24:32]   gen 168/298  42.2 min  eta 32.6 min  unfinished so far 10
[2026-09-04 07:25:49]   gen 174/298  43.4 min  eta 31.0 min  unfinished so far 10
[2026-09-04 07:26:41]   gen 180/298  44.3 min  eta 29.0 min  unfinished so far 10
[2026-09-04 07:27:20]   gen 186/298  45.0 min  eta 27.1 min  unfinished so far 10
[2026-09-04 07:27:59]   gen 192/298  45.6 min  eta 25.2 min  unfinished so far 10
[2026-09-04 07:28:38]   gen 198/298  46.3 min  eta 23.4 min  unfinished so far 10
[2026-09-04 07:29:22]   gen 204/298  47.0 min  eta 21.7 min  unfinished so far 10
[2026-09-04 07:30:47]   gen 210/298  48.4 min  eta 20.3 min  unfinished so far 10
[2026-09-04 07:33:07]   gen 216/298  50.7 min  eta 19.3 min  unfinished so far 11
[2026-09-04 07:33:55]   gen 222/298  51.5 min  eta 17.6 min  unfinished so far 11
[2026-09-04 07:34:39]   gen 228/298  52.3 min  eta 16.0 min  unfinished so far 11
[2026-09-04 07:36:02]   gen 234/298  53.7 min  eta 14.7 min  unfinished so far 11
[2026-09-04 07:36:59]   gen 240/298  54.6 min  eta 13.2 min  unfinished so far 11
[2026-09-04 07:37:41]   gen 246/298  55.3 min  eta 11.7 min  unfinished so far 11
[2026-09-04 07:38:19]   gen 252/298  55.9 min  eta 10.2 min  unfinished so far 11
[2026-09-04 07:38:51]   gen 258/298  56.5 min  eta 8.8 min  unfinished so far 11
[2026-09-04 07:39:28]   gen 264/298  57.1 min  eta 7.4 min  unfinished so far 11
[2026-09-04 07:41:48]   gen 270/298  59.4 min  eta 6.2 min  unfinished so far 12
[2026-09-04 07:42:50]   gen 276/298  60.5 min  eta 4.8 min  unfinished so far 12
[2026-09-04 07:43:47]   gen 282/298  61.4 min  eta 3.5 min  unfinished so far 12
[2026-09-04 07:44:22]   gen 288/298  62.0 min  eta 2.2 min  unfinished so far 12
[2026-09-04 07:45:43]   gen 294/298  63.3 min  eta 0.9 min  unfini[2026-09-04 07:45:43]   gen 294/298  63.3 min  eta 0.9 min  unfinished so far 12
[2026-09-04 07:46:46]   gen 298/298  64.4 min  eta 0.0 min  unfinished so far 12
[2026-09-04 07:46:46] prompt_test: wrote /home/cutter/d10/results/qwen3_4b/followups/f1_prompt/prompt_test.json; closed </think> 289/298
shed so far 12
[2026-09-04 07:46:46]   gen 298/298  64.4 min  eta 0.0 min  unfinished so far 12
[2026-09-04 07:46:46] prompt_test: wrote /home/cutter/d10/results/qwen3_4b/followups/f1_prompt/prompt_test.json; closed </think> 289/298
F1_DONE
[2026-09-04 07:52:54] f2_uncertainty: task triggers, 60 items × ['real', 'hypothetical'], arms ['baseline', 'unc_all_pos', 'unc_all_neg', 'unc_nontest_pos', 'unc_nontest_neg', 'unc_testlex_pos', 'unc_testlex_neg']
[2026-09-04 07:53:03] baseline: kind=none {}
[2026-09-04 07:54:42]   gen 6/120  1.7 min  eta 31.4 min  unfinished so far 1
[2026-09-04 07:56:19]   gen 12/120  3.3 min  eta 29.4 min  unfinished so far 4
[2026-09-04 07:57:57]   gen 18/120  4.9 min  eta 27.8 min  unfinished so far 7
[2026-09-04 07:59:35]   gen 24/120  6.5 min  eta 26.1 min  unfinished so far 9
[2026-09-04 08:01:13]   gen 30/120  8.2 min  eta 24.5 min  unfinished so far 13
[2026-09-04 08:02:51]   gen 36/120  9.8 min  eta 22.9 min  unfinished so far 16
[2026-09-04 08:04:30]   gen 42/120  11.4 min  eta 21.3 min  unfinished so far 17
[2026-09-04 08:06:10]   gen 48/120  13.1 min  eta 19.7 min  unfinished so far 18
[2026-09-04 08:07:36]   gen 54/120  14.6 min  eta 17.8 min  unfinished so far 18
[2026-09-04 08:09:16]   gen 60/120  16.2 min  eta 16.2 min  unfinished so far 19
[2026-09-04 08:10:56]   gen 66/120  17.9 min  eta 14.6 min  unfinished so far 20
[2026-09-04 08:12:37]   gen 72/120  19.6 min  eta 13.0 min  unfinished so far 21
[2026-09-04 08:14:17]   gen 78/120  21.2 min  eta 11.4 min  unfinished so far 23
[2026-09-04 08:15:57]   gen 84/120  22.9 min  eta 9.8 min  unfinished so far 26
[2026-09-04 08:17:16]   gen 90/120  24.2 min  eta 8.1 min  unfinished so far 26
[2026-09-04 08:18:57]   gen 96/120  25.9 min  eta 6.5 min  unfinished so far 29
[2026-09-04 08:20:37]   gen 102/120  27.6 min  eta 4.9 min  unfinished so far 29
[2026-09-04 08:22:19]   gen 108/120  29.3 min  eta 3.3 min  unfinished so far 30
[2026-09-04 08:23:59]   gen 114/120  30.9 min  eta 1.6 min  unfinished so far 32
[2026-09-04 08:25:10]   gen 120/120  32.1 min  eta 0.0 min  unfinished so far 32
[2026-09-04 08:25:10] baseline: wrote /home/cutter/d10/results/qwen3_4b/followups/f2_uncertainty/baseline.json; closed </think> 114/120
[2026-09-04 08:25:10] unc_all_pos: kind=residual_add {"vector_norm": 40.615848541259766, "layer": 18}
[2026-09-04 08:26:51]   gen 6/120  1.7 min  eta 32.0 min  unfinished so far 6
[2026-09-04 08:28:31]   gen 12/120  3.4 min  eta 30.2 min  unfinished so far 12
[2026-09-04 08:30:12]   gen 18/120  5.0 min  eta 28.6 min  unfinished so far 18
[2026-09-04 08:31:53]   gen 24/120  6.7 min  eta 26.9 min  unfinished so far 24
[2026-09-04 08:33:34]   gen 30/120  8.4 min  eta 25.2 min  unfinished so far 30
[2026-09-04 08:35:15]   gen 36/120  10.1 min  eta 23.5 min  unfinished so far 36
[2026-09-04 08:36:56]   gen 42/120  11.8 min  eta 21.8 min  unfinished so far 42
[2026-09-04 08:38:37]   gen 48/120  13.5 min  eta 20.2 min  unfinished so far 48
[2026-09-04 08:40:17]   gen 54/120  15.1 min  eta 18.5 min  unfinished so far 54
[2026-09-04 08:41:58]   gen 60/120  16.8 min  eta 16.8 min  unfinished so far 60
[2026-09-04 08:43:39]   gen 66/120  18.5 min  eta 15.1 min  unfinished so far 66
[2026-09-04 08:45:20]   gen 72/120  20.2 min  eta 13.4 min  unfinished so far 72
[2026-09-04 08:47:00]   gen 78/120  21.8 min  eta 11.8 min  unfinished so far 78
[2026-09-04 08:48:41]   gen 84/120  23.5 min  eta 10.1 min  unfinished so far 84
[2026-09-04 08:50:23]   gen 90/120  25.2 min  eta 8.4 min  unfinished so far 90
[2026-09-04 08:52:04]   gen 96/120  26.9 min  eta 6.7 min  unfinished so far 96
[2026-09-04 08:54:05]   gen 102/120  28.9 min  eta 5.1 min  unfinished so far 102
[2026-09-04 08:55:50]   gen 108/120  30.7 min  eta 3.4 min  unfinished so far 108
[2026-09-04 08:57:36]   gen 114/120  32.4 min  eta 1.7 min  unfinished so far 114
[2026-09-04 08:59:20]   gen 120/120  34.2 min  eta 0.0 min  unfinished so far 120
[2026-09-04 08:59:20] unc_all_pos: wrote /home/cutter/d10/results/qwen3_4b/followups/f2_uncertainty/unc_all_pos.json; closed </think> 17/120
[2026-09-04 08:59:20] unc_all_neg: kind=residual_add {"vector_norm": 40.615848541259766, "layer": 18}
[2026-09-04 09:00:04] F2 halted: coefficient 1.0 uncertainty(+) degenerate (closure 17/120, repetition 0.90); calibrating coefficient
[2026-09-04 09:22:12] f2_uncertainty: task triggers, 60 items × ['real', 'hypothetical'], arms ['baseline', 'unc_all_pos', 'unc_all_neg', 'unc_nontest_pos', 'unc_nontest_neg', 'unc_testlex_pos', 'unc_testlex_neg']
[2026-09-04 09:22:27] baseline: exists, skipping
[2026-09-04 09:22:27] unc_all_pos: kind=residual_add {"vector_norm": 10.153962135314941, "layer": 18}
